[INFO] Scanning for projects...
[INFO] 
[INFO] ------------------------< report:log-dashboard >------------------------
[INFO] Building log-dashboard 1.0
[INFO]   from pom.xml
[INFO] --------------------------------[ jar ]---------------------------------
[INFO] 
[INFO] >>> spring-boot:3.2.5:run (default-cli) > test-compile @ log-dashboard >>>
[INFO] 
[INFO] --- resources:3.3.1:resources (default-resources) @ log-dashboard ---
[INFO] Copying 1 resource from src\main\resources to target\classes
[INFO] Copying 1 resource from src\main\resources to target\classes
[INFO] 
[INFO] --- compiler:3.11.0:compile (default-compile) @ log-dashboard ---
[INFO] Changes detected - recompiling the module! :source
[INFO] Compiling 39 source files with javac [debug release 17] to target\classes
[INFO] 
[INFO] --- resources:3.3.1:testResources (default-testResources) @ log-dashboard ---
[INFO] skip non existing resourceDirectory C:\Users\parul.jain2\IdeaProjects\project\src\test\resources
[INFO] 
[INFO] --- compiler:3.11.0:testCompile (default-testCompile) @ log-dashboard ---
[INFO] No sources to compile
[INFO] 
[INFO] <<< spring-boot:3.2.5:run (default-cli) < test-compile @ log-dashboard <<<
[INFO] 
[INFO] 
[INFO] --- spring-boot:3.2.5:run (default-cli) @ log-dashboard ---
[INFO] Attaching agents: []

  .   ____          _            __ _ _
 /\\ / ___'_ __ _ _(_)_ __  __ _ \ \ \ \
( ( )\___ | '_ | '_| | '_ \/ _` | \ \ \ \
 \\/  ___)| |_)| | | | | || (_| |  ) ) ) )
  '  |____| .__|_| |_|_| |_\__, | / / / /
 =========|_|==============|___/=/_/_/_/
 :: Spring Boot ::                (v3.2.5)

2026-04-01T15:34:36.868+05:30  INFO 19232 --- [           main] report.DashboardApplication              : Starting DashboardApplication using Java 17.0.12 with PID 19232 (C:\Users\parul.jain2\IdeaProjects\project\target\classes started by parul.jain2 in C:\Users\parul.jain2\IdeaProjects\project)
2026-04-01T15:34:36.874+05:30  INFO 19232 --- [           main] report.DashboardApplication              : No active profile set, falling back to 1 default profile: "default"
2026-04-01T15:34:38.038+05:30  INFO 19232 --- [           main] o.s.b.w.embedded.tomcat.TomcatWebServer  : Tomcat initialized with port 8080 (http)
2026-04-01T15:34:38.056+05:30  INFO 19232 --- [           main] o.apache.catalina.core.StandardService   : Starting service [Tomcat]
2026-04-01T15:34:38.056+05:30  INFO 19232 --- [           main] o.apache.catalina.core.StandardEngine    : Starting Servlet engine: [Apache Tomcat/10.1.20]
2026-04-01T15:34:38.131+05:30  INFO 19232 --- [           main] o.a.c.c.C.[Tomcat].[localhost].[/]       : Initializing Spring embedded WebApplicationContext
2026-04-01T15:34:38.132+05:30  INFO 19232 --- [           main] w.s.c.ServletWebServerApplicationContext : Root WebApplicationContext: initialization completed in 1198 ms
2026-04-01T15:34:38.558+05:30  INFO 19232 --- [           main] o.s.b.w.embedded.tomcat.TomcatWebServer  : Tomcat started on port 8080 (http) with context path ''
2026-04-01T15:34:38.565+05:30  INFO 19232 --- [           main] report.DashboardApplication              : Started DashboardApplication in 2.071 seconds (process running for 2.531)
2026-04-01T15:35:05.764+05:30  INFO 19232 --- [nio-8080-exec-1] o.a.c.c.C.[Tomcat].[localhost].[/]       : Initializing Spring DispatcherServlet 'dispatcherServlet'
2026-04-01T15:35:05.764+05:30  INFO 19232 --- [nio-8080-exec-1] o.s.web.servlet.DispatcherServlet        : Initializing Servlet 'dispatcherServlet'
2026-04-01T15:35:05.766+05:30  INFO 19232 --- [nio-8080-exec-1] o.s.web.servlet.DispatcherServlet        : Completed initialization in 2 ms
? Processing Started
? Scanning base directory: C:\Users\parul.jain2\logs
   ? Found log file: C:\Users\parul.jain2\logs\OCIAPP2\ChannelGatewayRequestLog-06.log
   ? Found log file: C:\Users\parul.jain2\logs\OCIAPP2\ChannelRequestDailyLog-06.log
2026-04-01T15:35:05.820+05:30 ERROR 19232 --- [nio-8080-exec-2] o.a.c.c.C.[.[.[/].[dispatcherServlet]    : Servlet.service() for servlet [dispatcherServlet] in context with path [] threw exception [Request processing failed: java.lang.RuntimeException: Process logs first] with root cause

java.lang.RuntimeException: Process logs first
	at report.service.MetricsStorageService.get(MetricsStorageService.java:29) ~[classes/:na]
	at report.service.ExcelDataService.getResult(ExcelDataService.java:28) ~[classes/:na]
	at report.service.ExcelDataService.getSummary(ExcelDataService.java:40) ~[classes/:na]
	at report.controller.ExcelController.summary(ExcelController.java:21) ~[classes/:na]
	at java.base/jdk.internal.reflect.NativeMethodAccessorImpl.invoke0(Native Method) ~[na:na]
	at java.base/jdk.internal.reflect.NativeMethodAccessorImpl.invoke(NativeMethodAccessorImpl.java:77) ~[na:na]
	at java.base/jdk.internal.reflect.DelegatingMethodAccessorImpl.invoke(DelegatingMethodAccessorImpl.java:43) ~[na:na]
	at java.base/java.lang.reflect.Method.invoke(Method.java:568) ~[na:na]
	at org.springframework.web.method.support.InvocableHandlerMethod.doInvoke(InvocableHandlerMethod.java:255) ~[spring-web-6.1.6.jar:6.1.6]
	at org.springframework.web.method.support.InvocableHandlerMethod.invokeForRequest(InvocableHandlerMethod.java:188) ~[spring-web-6.1.6.jar:6.1.6]
	at org.springframework.web.servlet.mvc.method.annotation.ServletInvocableHandlerMethod.invokeAndHandle(ServletInvocableHandlerMethod.java:118) ~[spring-webmvc-6.1.6.jar:6.1.6]
	at org.springframework.web.servlet.mvc.method.annotation.RequestMappingHandlerAdapter.invokeHandlerMethod(RequestMappingHandlerAdapter.java:926) ~[spring-webmvc-6.1.6.jar:6.1.6]
	at org.springframework.web.servlet.mvc.method.annotation.RequestMappingHandlerAdapter.handleInternal(RequestMappingHandlerAdapter.java:831) ~[spring-webmvc-6.1.6.jar:6.1.6]
	at org.springframework.web.servlet.mvc.method.AbstractHandlerMethodAdapter.handle(AbstractHandlerMethodAdapter.java:87) ~[spring-webmvc-6.1.6.jar:6.1.6]
	at org.springframework.web.servlet.DispatcherServlet.doDispatch(DispatcherServlet.java:1089) ~[spring-webmvc-6.1.6.jar:6.1.6]
	at org.springframework.web.servlet.DispatcherServlet.doService(DispatcherServlet.java:979) ~[spring-webmvc-6.1.6.jar:6.1.6]
	at org.springframework.web.servlet.FrameworkServlet.processRequest(FrameworkServlet.java:1014) ~[spring-webmvc-6.1.6.jar:6.1.6]
	at org.springframework.web.servlet.FrameworkServlet.doGet(FrameworkServlet.java:903) ~[spring-webmvc-6.1.6.jar:6.1.6]
	at jakarta.servlet.http.HttpServlet.service(HttpServlet.java:564) ~[tomcat-embed-core-10.1.20.jar:6.0]
	at org.springframework.web.servlet.FrameworkServlet.service(FrameworkServlet.java:885) ~[spring-webmvc-6.1.6.jar:6.1.6]
	at jakarta.servlet.http.HttpServlet.service(HttpServlet.java:658) ~[tomcat-embed-core-10.1.20.jar:6.0]
	at org.apache.catalina.core.ApplicationFilterChain.internalDoFilter(ApplicationFilterChain.java:206) ~[tomcat-embed-core-10.1.20.jar:10.1.20]
	at org.apache.catalina.core.ApplicationFilterChain.doFilter(ApplicationFilterChain.java:150) ~[tomcat-embed-core-10.1.20.jar:10.1.20]
	at org.apache.tomcat.websocket.server.WsFilter.doFilter(WsFilter.java:51) ~[tomcat-embed-websocket-10.1.20.jar:10.1.20]
	at org.apache.catalina.core.ApplicationFilterChain.internalDoFilter(ApplicationFilterChain.java:175) ~[tomcat-embed-core-10.1.20.jar:10.1.20]
	at org.apache.catalina.core.ApplicationFilterChain.doFilter(ApplicationFilterChain.java:150) ~[tomcat-embed-core-10.1.20.jar:10.1.20]
	at org.springframework.web.filter.RequestContextFilter.doFilterInternal(RequestContextFilter.java:100) ~[spring-web-6.1.6.jar:6.1.6]
	at org.springframework.web.filter.OncePerRequestFilter.doFilter(OncePerRequestFilter.java:116) ~[spring-web-6.1.6.jar:6.1.6]
	at org.apache.catalina.core.ApplicationFilterChain.internalDoFilter(ApplicationFilterChain.java:175) ~[tomcat-embed-core-10.1.20.jar:10.1.20]
	at org.apache.catalina.core.ApplicationFilterChain.doFilter(ApplicationFilterChain.java:150) ~[tomcat-embed-core-10.1.20.jar:10.1.20]
	at org.springframework.web.filter.FormContentFilter.doFilterInternal(FormContentFilter.java:93) ~[spring-web-6.1.6.jar:6.1.6]
	at org.springframework.web.filter.OncePerRequestFilter.doFilter(OncePerRequestFilter.java:116) ~[spring-web-6.1.6.jar:6.1.6]
	at org.apache.catalina.core.ApplicationFilterChain.internalDoFilter(ApplicationFilterChain.java:175) ~[tomcat-embed-core-10.1.20.jar:10.1.20]
	at org.apache.catalina.core.ApplicationFilterChain.doFilter(ApplicationFilterChain.java:150) ~[tomcat-embed-core-10.1.20.jar:10.1.20]
	at org.springframework.web.filter.CharacterEncodingFilter.doFilterInternal(CharacterEncodingFilter.java:201) ~[spring-web-6.1.6.jar:6.1.6]
	at org.springframework.web.filter.OncePerRequestFilter.doFilter(OncePerRequestFilter.java:116) ~[spring-web-6.1.6.jar:6.1.6]
	at org.apache.catalina.core.ApplicationFilterChain.internalDoFilter(ApplicationFilterChain.java:175) ~[tomcat-embed-core-10.1.20.jar:10.1.20]
	at org.apache.catalina.core.ApplicationFilterChain.doFilter(ApplicationFilterChain.java:150) ~[tomcat-embed-core-10.1.20.jar:10.1.20]
	at org.apache.catalina.core.StandardWrapperValve.invoke(StandardWrapperValve.java:167) ~[tomcat-embed-core-10.1.20.jar:10.1.20]
	at org.apache.catalina.core.StandardContextValve.invoke(StandardContextValve.java:90) ~[tomcat-embed-core-10.1.20.jar:10.1.20]
	at org.apache.catalina.authenticator.AuthenticatorBase.invoke(AuthenticatorBase.java:482) ~[tomcat-embed-core-10.1.20.jar:10.1.20]
	at org.apache.catalina.core.StandardHostValve.invoke(StandardHostValve.java:115) ~[tomcat-embed-core-10.1.20.jar:10.1.20]
	at org.apache.catalina.valves.ErrorReportValve.invoke(ErrorReportValve.java:93) ~[tomcat-embed-core-10.1.20.jar:10.1.20]
	at org.apache.catalina.core.StandardEngineValve.invoke(StandardEngineValve.java:74) ~[tomcat-embed-core-10.1.20.jar:10.1.20]
	at org.apache.catalina.connector.CoyoteAdapter.service(CoyoteAdapter.java:344) ~[tomcat-embed-core-10.1.20.jar:10.1.20]
	at org.apache.coyote.http11.Http11Processor.service(Http11Processor.java:391) ~[tomcat-embed-core-10.1.20.jar:10.1.20]
	at org.apache.coyote.AbstractProcessorLight.process(AbstractProcessorLight.java:63) ~[tomcat-embed-core-10.1.20.jar:10.1.20]
	at org.apache.coyote.AbstractProtocol$ConnectionHandler.process(AbstractProtocol.java:896) ~[tomcat-embed-core-10.1.20.jar:10.1.20]
	at org.apache.tomcat.util.net.NioEndpoint$SocketProcessor.doRun(NioEndpoint.java:1736) ~[tomcat-embed-core-10.1.20.jar:10.1.20]
	at org.apache.tomcat.util.net.SocketProcessorBase.run(SocketProcessorBase.java:52) ~[tomcat-embed-core-10.1.20.jar:10.1.20]
	at org.apache.tomcat.util.threads.ThreadPoolExecutor.runWorker(ThreadPoolExecutor.java:1191) ~[tomcat-embed-core-10.1.20.jar:10.1.20]
	at org.apache.tomcat.util.threads.ThreadPoolExecutor$Worker.run(ThreadPoolExecutor.java:659) ~[tomcat-embed-core-10.1.20.jar:10.1.20]
	at org.apache.tomcat.util.threads.TaskThread$WrappingRunnable.run(TaskThread.java:63) ~[tomcat-embed-core-10.1.20.jar:10.1.20]
	at java.base/java.lang.Thread.run(Thread.java:842) ~[na:na]

   ? Found log file: C:\Users\parul.jain2\logs\OCIAPP2\Web_PreTUPs_out.log
   ? Found log file: C:\Users\parul.jain2\logs\pretups_smsrlogs\channelGatewayRequestLog_00.log
   ? Found log file: C:\Users\parul.jain2\logs\pretups_smsrlogs\channelGatewayRequestLog_01.log
   ? Found log file: C:\Users\parul.jain2\logs\pretups_smsrlogs\channelGatewayRequestLog_02.log
   ? Found log file: C:\Users\parul.jain2\logs\pretups_smsrlogs\channelGatewayRequestLog_03.log
   ? Found log file: C:\Users\parul.jain2\logs\pretups_smsrlogs\channelGatewayRequestLog_04.log
   ? Found log file: C:\Users\parul.jain2\logs\pretups_smsrlogs\channelGatewayRequestLog_05.log
   ? Found log file: C:\Users\parul.jain2\logs\pretups_smsrlogs\channelGatewayRequestLog_06.log
   ? Found log file: C:\Users\parul.jain2\logs\pretups_smsrlogs\channelGatewayRequestLog_07.log
   ? Found log file: C:\Users\parul.jain2\logs\pretups_smsrlogs\channelGatewayRequestLog_08.log
   ? Found log file: C:\Users\parul.jain2\logs\pretups_smsrlogs\channelGatewayRequestLog_09.log
   ? Found log file: C:\Users\parul.jain2\logs\pretups_smsrlogs\channelGatewayRequestLog_10.log
   ? Found log file: C:\Users\parul.jain2\logs\pretups_smsrlogs\channelGatewayRequestLog_11.log
   ? Found log file: C:\Users\parul.jain2\logs\pretups_smsrlogs\channelGatewayRequestLog_12.log
   ? Found log file: C:\Users\parul.jain2\logs\pretups_smsrlogs\channelGatewayRequestLog_13.log
   ? Found log file: C:\Users\parul.jain2\logs\pretups_smsrlogs\channelGatewayRequestLog_14.log
   ? Found log file: C:\Users\parul.jain2\logs\pretups_smsrlogs\channelGatewayRequestLog_15.log
   ? Found log file: C:\Users\parul.jain2\logs\pretups_smsrlogs\channelGatewayRequestLog_16.log
   ? Found log file: C:\Users\parul.jain2\logs\pretups_smsrlogs\channelGatewayRequestLog_17.log
   ? Found log file: C:\Users\parul.jain2\logs\pretups_smsrlogs\channelGatewayRequestLog_18.log
   ? Found log file: C:\Users\parul.jain2\logs\pretups_smsrlogs\channelGatewayRequestLog_19.log
   ? Found log file: C:\Users\parul.jain2\logs\pretups_smsrlogs\channelGatewayRequestLog_20.log
   ? Found log file: C:\Users\parul.jain2\logs\pretups_smsrlogs\channelGatewayRequestLog_21.log
   ? Found log file: C:\Users\parul.jain2\logs\pretups_smsrlogs\channelGatewayRequestLog_22.log
   ? Found log file: C:\Users\parul.jain2\logs\pretups_smsrlogs\channelGatewayRequestLog_23.log
   ? Found log file: C:\Users\parul.jain2\logs\pretups_smsrlogs\ChannelRequestDailyLog.log
   ? Found log file: C:\Users\parul.jain2\logs\pretups_smsrlogs\PreTUPs_out_00.log
   ? Found log file: C:\Users\parul.jain2\logs\pretups_smsrlogs\PreTUPs_out_01.log
   ? Found log file: C:\Users\parul.jain2\logs\pretups_smsrlogs\PreTUPs_out_02.log
   ? Found log file: C:\Users\parul.jain2\logs\pretups_smsrlogs\PreTUPs_out_03.log
   ? Found log file: C:\Users\parul.jain2\logs\pretups_smsrlogs\PreTUPs_out_04.log
   ? Found log file: C:\Users\parul.jain2\logs\pretups_smsrlogs\PreTUPs_out_05.log
   ? Found log file: C:\Users\parul.jain2\logs\pretups_smsrlogs\PreTUPs_out_06.log
   ? Found log file: C:\Users\parul.jain2\logs\pretups_smsrlogs\PreTUPs_out_07.log
   ? Found log file: C:\Users\parul.jain2\logs\pretups_smsrlogs\PreTUPs_out_08.log
   ? Found log file: C:\Users\parul.jain2\logs\pretups_smsrlogs\PreTUPs_out_09.log
   ? Found log file: C:\Users\parul.jain2\logs\pretups_smsrlogs\PreTUPs_out_10.log
   ? Found log file: C:\Users\parul.jain2\logs\pretups_smsrlogs\PreTUPs_out_11.log
   ? Found log file: C:\Users\parul.jain2\logs\pretups_smsrlogs\PreTUPs_out_12.log
   ? Found log file: C:\Users\parul.jain2\logs\pretups_smsrlogs\PreTUPs_out_13.log
   ? Found log file: C:\Users\parul.jain2\logs\pretups_smsrlogs\PreTUPs_out_14.log
   ? Found log file: C:\Users\parul.jain2\logs\pretups_smsrlogs\PreTUPs_out_15.log
   ? Found log file: C:\Users\parul.jain2\logs\pretups_smsrlogs\PreTUPs_out_16.log
   ? Found log file: C:\Users\parul.jain2\logs\pretups_smsrlogs\PreTUPs_out_17.log
   ? Found log file: C:\Users\parul.jain2\logs\pretups_smsrlogs\PreTUPs_out_18.log
   ? Found log file: C:\Users\parul.jain2\logs\pretups_smsrlogs\PreTUPs_out_19.log
   ? Found log file: C:\Users\parul.jain2\logs\pretups_smsrlogs\PreTUPs_out_20.log
   ? Found log file: C:\Users\parul.jain2\logs\pretups_smsrlogs\PreTUPs_out_21.log
   ? Found log file: C:\Users\parul.jain2\logs\pretups_smsrlogs\PreTUPs_out_22.log
   ? Found log file: C:\Users\parul.jain2\logs\pretups_smsrlogs\PreTUPs_out_23.log
? Total log files discovered: 52
? Resume from line: 1878090
? Resume from line: 1878090
? Resume from line: 1878090
? Resume from line: 1878090
? Resume from line: 1878090
? Resume from line: 1878090
? Resume from line: 1878090
? Resume from line: 1878090
? Resume from line: 1878090
? Resume from line: 1878090
? Resume from line: 1878090
? Resume from line: 1878090
? Resume from line: 1878090
? Resume from line: 1878090
? Resume from line: 1878090
? Resume from line: 1878090
? Backup saved at line: 1613
? Parsing completed
? Backup saved at line: 5228
? Parsing completed
? Backup saved at line: 3537
? Parsing completed
? Backup saved at line: 1648
? Parsing completed
? Backup saved at line: 1693
? Parsing completed
? Backup saved at line: 4401
? Parsing completed
? Backup saved at line: 12603
? Parsing completed
? Resume from line: 12603
? Resume from line: 12603
? Resume from line: 12603
? Resume from line: 12603
? Resume from line: 12603
? Resume from line: 12603
? Resume from line: 12603
? Backup saved at line: 13053
? Parsing completed
? Resume from line: 16830
? Backup saved at line: 16830
? Parsing completed
? Resume from line: 16830
? Backup saved at line: 30525
? Parsing completed
? Resume from line: 30525
? Backup saved at line: 27065
? Parsing completed
? Resume from line: 27065
? Backup saved at line: 46599
? Parsing completed
? Resume from line: 46599
? Backup saved at line: 56705
? Parsing completed
? Resume from line: 56705
? Backup saved at line: 25727
? Parsing completed
? Resume from line: 25727
? Backup saved at line: 74891
? Parsing completed
? Backup saved at line: 75290
? Parsing completed
? Resume from line: 75290
? Resume from line: 75290
? Backup saved at line: 100000
? Backup at line: 100000
? Backup saved at line: 100000
? Backup at line: 100000
? Backup saved at line: 34290
? Parsing completed
? Resume from line: 34290
? Backup saved at line: 70698
? Parsing completed
? Resume from line: 70698
? Backup saved at line: 107253
? Parsing completed
? Backup saved at line: 33904
? Parsing completed
? Resume from line: 33904
? Resume from line: 33904
? Backup saved at line: 33454
? Parsing completed
? Resume from line: 33454
? Backup saved at line: 100964
? Parsing completed
? Backup saved at line: 200000
? Backup at line: 200000
2026-04-01T15:35:09.916+05:30 ERROR 19232 --- [nio-8080-exec-5] o.a.c.c.C.[.[.[/].[dispatcherServlet]    : Servlet.service() for servlet [dispatcherServlet] in context with path [] threw exception [Request processing failed: java.lang.RuntimeException: Process logs first] with root cause

java.lang.RuntimeException: Process logs first
	at report.service.MetricsStorageService.get(MetricsStorageService.java:29) ~[classes/:na]
	at report.service.ExcelDataService.getResult(ExcelDataService.java:28) ~[classes/:na]
	at report.service.ExcelDataService.getSummary(ExcelDataService.java:40) ~[classes/:na]
	at report.controller.ExcelController.summary(ExcelController.java:21) ~[classes/:na]
	at java.base/jdk.internal.reflect.NativeMethodAccessorImpl.invoke0(Native Method) ~[na:na]
	at java.base/jdk.internal.reflect.NativeMethodAccessorImpl.invoke(NativeMethodAccessorImpl.java:77) ~[na:na]
	at java.base/jdk.internal.reflect.DelegatingMethodAccessorImpl.invoke(DelegatingMethodAccessorImpl.java:43) ~[na:na]
	at java.base/java.lang.reflect.Method.invoke(Method.java:568) ~[na:na]
	at org.springframework.web.method.support.InvocableHandlerMethod.doInvoke(InvocableHandlerMethod.java:255) ~[spring-web-6.1.6.jar:6.1.6]
	at org.springframework.web.method.support.InvocableHandlerMethod.invokeForRequest(InvocableHandlerMethod.java:188) ~[spring-web-6.1.6.jar:6.1.6]
	at org.springframework.web.servlet.mvc.method.annotation.ServletInvocableHandlerMethod.invokeAndHandle(ServletInvocableHandlerMethod.java:118) ~[spring-webmvc-6.1.6.jar:6.1.6]
	at org.springframework.web.servlet.mvc.method.annotation.RequestMappingHandlerAdapter.invokeHandlerMethod(RequestMappingHandlerAdapter.java:926) ~[spring-webmvc-6.1.6.jar:6.1.6]
	at org.springframework.web.servlet.mvc.method.annotation.RequestMappingHandlerAdapter.handleInternal(RequestMappingHandlerAdapter.java:831) ~[spring-webmvc-6.1.6.jar:6.1.6]
	at org.springframework.web.servlet.mvc.method.AbstractHandlerMethodAdapter.handle(AbstractHandlerMethodAdapter.java:87) ~[spring-webmvc-6.1.6.jar:6.1.6]
	at org.springframework.web.servlet.DispatcherServlet.doDispatch(DispatcherServlet.java:1089) ~[spring-webmvc-6.1.6.jar:6.1.6]
	at org.springframework.web.servlet.DispatcherServlet.doService(DispatcherServlet.java:979) ~[spring-webmvc-6.1.6.jar:6.1.6]
	at org.springframework.web.servlet.FrameworkServlet.processRequest(FrameworkServlet.java:1014) ~[spring-webmvc-6.1.6.jar:6.1.6]
	at org.springframework.web.servlet.FrameworkServlet.doGet(FrameworkServlet.java:903) ~[spring-webmvc-6.1.6.jar:6.1.6]
	at jakarta.servlet.http.HttpServlet.service(HttpServlet.java:564) ~[tomcat-embed-core-10.1.20.jar:6.0]
	at org.springframework.web.servlet.FrameworkServlet.service(FrameworkServlet.java:885) ~[spring-webmvc-6.1.6.jar:6.1.6]
	at jakarta.servlet.http.HttpServlet.service(HttpServlet.java:658) ~[tomcat-embed-core-10.1.20.jar:6.0]
	at org.apache.catalina.core.ApplicationFilterChain.internalDoFilter(ApplicationFilterChain.java:206) ~[tomcat-embed-core-10.1.20.jar:10.1.20]
	at org.apache.catalina.core.ApplicationFilterChain.doFilter(ApplicationFilterChain.java:150) ~[tomcat-embed-core-10.1.20.jar:10.1.20]
	at org.apache.tomcat.websocket.server.WsFilter.doFilter(WsFilter.java:51) ~[tomcat-embed-websocket-10.1.20.jar:10.1.20]
	at org.apache.catalina.core.ApplicationFilterChain.internalDoFilter(ApplicationFilterChain.java:175) ~[tomcat-embed-core-10.1.20.jar:10.1.20]
	at org.apache.catalina.core.ApplicationFilterChain.doFilter(ApplicationFilterChain.java:150) ~[tomcat-embed-core-10.1.20.jar:10.1.20]
	at org.springframework.web.filter.RequestContextFilter.doFilterInternal(RequestContextFilter.java:100) ~[spring-web-6.1.6.jar:6.1.6]
	at org.springframework.web.filter.OncePerRequestFilter.doFilter(OncePerRequestFilter.java:116) ~[spring-web-6.1.6.jar:6.1.6]
	at org.apache.catalina.core.ApplicationFilterChain.internalDoFilter(ApplicationFilterChain.java:175) ~[tomcat-embed-core-10.1.20.jar:10.1.20]
	at org.apache.catalina.core.ApplicationFilterChain.doFilter(ApplicationFilterChain.java:150) ~[tomcat-embed-core-10.1.20.jar:10.1.20]
	at org.springframework.web.filter.FormContentFilter.doFilterInternal(FormContentFilter.java:93) ~[spring-web-6.1.6.jar:6.1.6]
	at org.springframework.web.filter.OncePerRequestFilter.doFilter(OncePerRequestFilter.java:116) ~[spring-web-6.1.6.jar:6.1.6]
	at org.apache.catalina.core.ApplicationFilterChain.internalDoFilter(ApplicationFilterChain.java:175) ~[tomcat-embed-core-10.1.20.jar:10.1.20]
	at org.apache.catalina.core.ApplicationFilterChain.doFilter(ApplicationFilterChain.java:150) ~[tomcat-embed-core-10.1.20.jar:10.1.20]
	at org.springframework.web.filter.CharacterEncodingFilter.doFilterInternal(CharacterEncodingFilter.java:201) ~[spring-web-6.1.6.jar:6.1.6]
	at org.springframework.web.filter.OncePerRequestFilter.doFilter(OncePerRequestFilter.java:116) ~[spring-web-6.1.6.jar:6.1.6]
	at org.apache.catalina.core.ApplicationFilterChain.internalDoFilter(ApplicationFilterChain.java:175) ~[tomcat-embed-core-10.1.20.jar:10.1.20]
	at org.apache.catalina.core.ApplicationFilterChain.doFilter(ApplicationFilterChain.java:150) ~[tomcat-embed-core-10.1.20.jar:10.1.20]
	at org.apache.catalina.core.StandardWrapperValve.invoke(StandardWrapperValve.java:167) ~[tomcat-embed-core-10.1.20.jar:10.1.20]
	at org.apache.catalina.core.StandardContextValve.invoke(StandardContextValve.java:90) ~[tomcat-embed-core-10.1.20.jar:10.1.20]
	at org.apache.catalina.authenticator.AuthenticatorBase.invoke(AuthenticatorBase.java:482) ~[tomcat-embed-core-10.1.20.jar:10.1.20]
	at org.apache.catalina.core.StandardHostValve.invoke(StandardHostValve.java:115) ~[tomcat-embed-core-10.1.20.jar:10.1.20]
	at org.apache.catalina.valves.ErrorReportValve.invoke(ErrorReportValve.java:93) ~[tomcat-embed-core-10.1.20.jar:10.1.20]
	at org.apache.catalina.core.StandardEngineValve.invoke(StandardEngineValve.java:74) ~[tomcat-embed-core-10.1.20.jar:10.1.20]
	at org.apache.catalina.connector.CoyoteAdapter.service(CoyoteAdapter.java:344) ~[tomcat-embed-core-10.1.20.jar:10.1.20]
	at org.apache.coyote.http11.Http11Processor.service(Http11Processor.java:391) ~[tomcat-embed-core-10.1.20.jar:10.1.20]
	at org.apache.coyote.AbstractProcessorLight.process(AbstractProcessorLight.java:63) ~[tomcat-embed-core-10.1.20.jar:10.1.20]
	at org.apache.coyote.AbstractProtocol$ConnectionHandler.process(AbstractProtocol.java:896) ~[tomcat-embed-core-10.1.20.jar:10.1.20]
	at org.apache.tomcat.util.net.NioEndpoint$SocketProcessor.doRun(NioEndpoint.java:1736) ~[tomcat-embed-core-10.1.20.jar:10.1.20]
	at org.apache.tomcat.util.net.SocketProcessorBase.run(SocketProcessorBase.java:52) ~[tomcat-embed-core-10.1.20.jar:10.1.20]
	at org.apache.tomcat.util.threads.ThreadPoolExecutor.runWorker(ThreadPoolExecutor.java:1191) ~[tomcat-embed-core-10.1.20.jar:10.1.20]
	at org.apache.tomcat.util.threads.ThreadPoolExecutor$Worker.run(ThreadPoolExecutor.java:659) ~[tomcat-embed-core-10.1.20.jar:10.1.20]
	at org.apache.tomcat.util.threads.TaskThread$WrappingRunnable.run(TaskThread.java:63) ~[tomcat-embed-core-10.1.20.jar:10.1.20]
	at java.base/java.lang.Thread.run(Thread.java:842) ~[na:na]

? Resume from line: 200000
? Backup saved at line: 100000
? Backup at line: 100000
? Backup saved at line: 100000
? Backup at line: 100000
? Backup saved at line: 100000
? Backup at line: 100000
? Backup saved at line: 300000
? Backup at line: 300000
? Backup saved at line: 85116
? Parsing completed
? Resume from line: 85116
? Backup saved at line: 200000
? Backup at line: 200000
? Backup saved at line: 200000
? Backup at line: 200000
java.io.NotSerializableException: report.metrics.TypeStats
	at java.base/java.io.ObjectOutputStream.writeObject0(ObjectOutputStream.java:1197)
	at java.base/java.io.ObjectOutputStream.writeObject(ObjectOutputStream.java:354)
	at java.base/java.util.concurrent.ConcurrentHashMap.writeObject(ConcurrentHashMap.java:1424)
	at java.base/jdk.internal.reflect.GeneratedMethodAccessor3.invoke(Unknown Source)
	at java.base/jdk.internal.reflect.DelegatingMethodAccessorImpl.invoke(DelegatingMethodAccessorImpl.java:43)
	at java.base/java.lang.reflect.Method.invoke(Method.java:568)
	at java.base/java.io.ObjectStreamClass.invokeWriteObject(ObjectStreamClass.java:1074)
	at java.base/java.io.ObjectOutputStream.writeSerialData(ObjectOutputStream.java:1526)
	at java.base/java.io.ObjectOutputStream.writeOrdinaryObject(ObjectOutputStream.java:1448)
	at java.base/java.io.ObjectOutputStream.writeObject0(ObjectOutputStream.java:1191)
	at java.base/java.io.ObjectOutputStream.defaultWriteFields(ObjectOutputStream.java:1582)
	at java.base/java.io.ObjectOutputStream.writeSerialData(ObjectOutputStream.java:1539)
	at java.base/java.io.ObjectOutputStream.writeOrdinaryObject(ObjectOutputStream.java:1448)
	at java.base/java.io.ObjectOutputStream.writeObject0(ObjectOutputStream.java:1191)
	at java.base/java.io.ObjectOutputStream.writeObject(ObjectOutputStream.java:354)
	at report.service.BackupService.save(BackupService.java:27)
	at report.parser.LogParserTask.run(LogParserTask.java:109)
	at report.service.LogProcessingService.lambda$processLogs$1(LogProcessingService.java:117)
	at java.base/java.util.concurrent.Executors$RunnableAdapter.call(Executors.java:539)
	at java.base/java.util.concurrent.FutureTask.run(FutureTask.java:264)
	at java.base/java.util.concurrent.ThreadPoolExecutor.runWorker(ThreadPoolExecutor.java:1136)
	at java.base/java.util.concurrent.ThreadPoolExecutor$Worker.run(ThreadPoolExecutor.java:635)
	at java.base/java.lang.Thread.run(Thread.java:842)
? Parsing completed
? Resume from line: 200000
java.io.NotSerializableException: report.metrics.TypeStats
	at java.base/java.io.ObjectOutputStream.writeObject0(ObjectOutputStream.java:1197)
	at java.base/java.io.ObjectOutputStream.writeObject(ObjectOutputStream.java:354)
	at java.base/java.util.concurrent.ConcurrentHashMap.writeObject(ConcurrentHashMap.java:1424)
	at java.base/jdk.internal.reflect.GeneratedMethodAccessor3.invoke(Unknown Source)
	at java.base/jdk.internal.reflect.DelegatingMethodAccessorImpl.invoke(DelegatingMethodAccessorImpl.java:43)
	at java.base/java.lang.reflect.Method.invoke(Method.java:568)
	at java.base/java.io.ObjectStreamClass.invokeWriteObject(ObjectStreamClass.java:1074)
	at java.base/java.io.ObjectOutputStream.writeSerialData(ObjectOutputStream.java:1526)
	at java.base/java.io.ObjectOutputStream.writeOrdinaryObject(ObjectOutputStream.java:1448)
	at java.base/java.io.ObjectOutputStream.writeObject0(ObjectOutputStream.java:1191)
	at java.base/java.io.ObjectOutputStream.defaultWriteFields(ObjectOutputStream.java:1582)
	at java.base/java.io.ObjectOutputStream.writeSerialData(ObjectOutputStream.java:1539)
	at java.base/java.io.ObjectOutputStream.writeOrdinaryObject(ObjectOutputStream.java:1448)
	at java.base/java.io.ObjectOutputStream.writeObject0(ObjectOutputStream.java:1191)
	at java.base/java.io.ObjectOutputStream.writeObject(ObjectOutputStream.java:354)
	at report.service.BackupService.save(BackupService.java:27)
	at report.parser.LogParserTask.run(LogParserTask.java:109)
	at report.service.LogProcessingService.lambda$processLogs$1(LogProcessingService.java:117)
	at java.base/java.util.concurrent.Executors$RunnableAdapter.call(Executors.java:539)
	at java.base/java.util.concurrent.FutureTask.run(FutureTask.java:264)
	at java.base/java.util.concurrent.ThreadPoolExecutor.runWorker(ThreadPoolExecutor.java:1136)
	at java.base/java.util.concurrent.ThreadPoolExecutor$Worker.run(ThreadPoolExecutor.java:635)
	at java.base/java.lang.Thread.run(Thread.java:842)
? Parsing completed
? Resume from line: 200000
? Backup saved at line: 100000
? Backup at line: 100000
java.io.NotSerializableException: report.metrics.TypeStats
	at java.base/java.io.ObjectOutputStream.writeObject0(ObjectOutputStream.java:1197)
	at java.base/java.io.ObjectOutputStream.writeObject(ObjectOutputStream.java:354)
	at java.base/java.util.concurrent.ConcurrentHashMap.writeObject(ConcurrentHashMap.java:1424)
	at java.base/jdk.internal.reflect.GeneratedMethodAccessor3.invoke(Unknown Source)
	at java.base/jdk.internal.reflect.DelegatingMethodAccessorImpl.invoke(DelegatingMethodAccessorImpl.java:43)
	at java.base/java.lang.reflect.Method.invoke(Method.java:568)
	at java.base/java.io.ObjectStreamClass.invokeWriteObject(ObjectStreamClass.java:1074)
	at java.base/java.io.ObjectOutputStream.writeSerialData(ObjectOutputStream.java:1526)
	at java.base/java.io.ObjectOutputStream.writeOrdinaryObject(ObjectOutputStream.java:1448)
	at java.base/java.io.ObjectOutputStream.writeObject0(ObjectOutputStream.java:1191)
	at java.base/java.io.ObjectOutputStream.defaultWriteFields(ObjectOutputStream.java:1582)
	at java.base/java.io.ObjectOutputStream.writeSerialData(ObjectOutputStream.java:1539)
	at java.base/java.io.ObjectOutputStream.writeOrdinaryObject(ObjectOutputStream.java:1448)
	at java.base/java.io.ObjectOutputStream.writeObject0(ObjectOutputStream.java:1191)
	at java.base/java.io.ObjectOutputStream.writeObject(ObjectOutputStream.java:354)
	at report.service.BackupService.save(BackupService.java:27)
	at report.parser.LogParserTask.run(LogParserTask.java:109)
	at report.service.LogProcessingService.lambda$processLogs$1(LogProcessingService.java:117)
	at java.base/java.util.concurrent.Executors$RunnableAdapter.call(Executors.java:539)
	at java.base/java.util.concurrent.FutureTask.run(FutureTask.java:264)
	at java.base/java.util.concurrent.ThreadPoolExecutor.runWorker(ThreadPoolExecutor.java:1136)
	at java.base/java.util.concurrent.ThreadPoolExecutor$Worker.run(ThreadPoolExecutor.java:635)
	at java.base/java.lang.Thread.run(Thread.java:842)
? Parsing completed
java.io.NotSerializableException: report.metrics.SecondMetricStats
	at java.base/java.io.ObjectOutputStream.writeObject0(ObjectOutputStream.java:1197)
	at java.base/java.io.ObjectOutputStream.writeObject(ObjectOutputStream.java:354)
	at java.base/java.util.concurrent.ConcurrentHashMap.writeObject(ConcurrentHashMap.java:1424)
	at java.base/jdk.internal.reflect.GeneratedMethodAccessor3.invoke(Unknown Source)
	at java.base/jdk.internal.reflect.DelegatingMethodAccessorImpl.invoke(DelegatingMethodAccessorImpl.java:43)
	at java.base/java.lang.reflect.Method.invoke(Method.java:568)
	at java.base/java.io.ObjectStreamClass.invokeWriteObject(ObjectStreamClass.java:1074)
	at java.base/java.io.ObjectOutputStream.writeSerialData(ObjectOutputStream.java:1526)
	at java.base/java.io.ObjectOutputStream.writeOrdinaryObject(ObjectOutputStream.java:1448)
	at java.base/java.io.ObjectOutputStream.writeObject0(ObjectOutputStream.java:1191)
	at java.base/java.io.ObjectOutputStream.defaultWriteFields(ObjectOutputStream.java:1582)
	at java.base/java.io.ObjectOutputStream.writeSerialData(ObjectOutputStream.java:1539)
	at java.base/java.io.ObjectOutputStream.writeOrdinaryObject(ObjectOutputStream.java:1448)
	at java.base/java.io.ObjectOutputStream.writeObject0(ObjectOutputStream.java:1191)
	at java.base/java.io.ObjectOutputStream.writeObject(ObjectOutputStream.java:354)
	at report.service.BackupService.save(BackupService.java:27)
	at report.parser.LogParserTask.run(LogParserTask.java:96)
	at report.service.LogProcessingService.lambda$processLogs$1(LogProcessingService.java:117)
	at java.base/java.util.concurrent.Executors$RunnableAdapter.call(Executors.java:539)
	at java.base/java.util.concurrent.FutureTask.run(FutureTask.java:264)
	at java.base/java.util.concurrent.ThreadPoolExecutor.runWorker(ThreadPoolExecutor.java:1136)
	at java.base/java.util.concurrent.ThreadPoolExecutor$Worker.run(ThreadPoolExecutor.java:635)
	at java.base/java.lang.Thread.run(Thread.java:842)
? Backup at line: 200000
? Resume from line: 100000
? Backup saved at line: 300000
? Backup at line: 300000
? Backup saved at line: 337128
? Parsing completed
? Resume from line: 337128
java.io.NotSerializableException: report.metrics.TypeStats
	at java.base/java.io.ObjectOutputStream.writeObject0(ObjectOutputStream.java:1197)
	at java.base/java.io.ObjectOutputStream.writeObject(ObjectOutputStream.java:354)
	at java.base/java.util.concurrent.ConcurrentHashMap.writeObject(ConcurrentHashMap.java:1424)
	at java.base/jdk.internal.reflect.GeneratedMethodAccessor3.invoke(Unknown Source)
	at java.base/jdk.internal.reflect.DelegatingMethodAccessorImpl.invoke(DelegatingMethodAccessorImpl.java:43)
	at java.base/java.lang.reflect.Method.invoke(Method.java:568)
	at java.base/java.io.ObjectStreamClass.invokeWriteObject(ObjectStreamClass.java:1074)
	at java.base/java.io.ObjectOutputStream.writeSerialData(ObjectOutputStream.java:1526)
	at java.base/java.io.ObjectOutputStream.writeOrdinaryObject(ObjectOutputStream.java:1448)
	at java.base/java.io.ObjectOutputStream.writeObject0(ObjectOutputStream.java:1191)
	at java.base/java.io.ObjectOutputStream.defaultWriteFields(ObjectOutputStream.java:1582)
	at java.base/java.io.ObjectOutputStream.writeSerialData(ObjectOutputStream.java:1539)
	at java.base/java.io.ObjectOutputStream.writeOrdinaryObject(ObjectOutputStream.java:1448)
	at java.base/java.io.ObjectOutputStream.writeObject0(ObjectOutputStream.java:1191)
	at java.base/java.io.ObjectOutputStream.writeObject(ObjectOutputStream.java:354)
	at report.service.BackupService.save(BackupService.java:27)
	at report.parser.LogParserTask.run(LogParserTask.java:109)
	at report.service.LogProcessingService.lambda$processLogs$1(LogProcessingService.java:117)
	at java.base/java.util.concurrent.Executors$RunnableAdapter.call(Executors.java:539)
	at java.base/java.util.concurrent.FutureTask.run(FutureTask.java:264)
	at java.base/java.util.concurrent.ThreadPoolExecutor.runWorker(ThreadPoolExecutor.java:1136)
	at java.base/java.util.concurrent.ThreadPoolExecutor$Worker.run(ThreadPoolExecutor.java:635)
	at java.base/java.lang.Thread.run(Thread.java:842)
? Parsing completed
? Resume from line: 337128
? Backup saved at line: 300000
? Backup at line: 300000
? Backup saved at line: 200000
? Backup at line: 200000
? Backup saved at line: 263722
? Parsing completed
? Backup saved at line: 400000
? Backup at line: 400000
? Resume from line: 400000
java.io.NotSerializableException: report.metrics.TypeStats
	at java.base/java.io.ObjectOutputStream.writeObject0(ObjectOutputStream.java:1197)
	at java.base/java.io.ObjectOutputStream.writeObject(ObjectOutputStream.java:354)
	at java.base/java.util.concurrent.ConcurrentHashMap.writeObject(ConcurrentHashMap.java:1424)
	at java.base/jdk.internal.reflect.GeneratedMethodAccessor3.invoke(Unknown Source)
	at java.base/jdk.internal.reflect.DelegatingMethodAccessorImpl.invoke(DelegatingMethodAccessorImpl.java:43)
	at java.base/java.lang.reflect.Method.invoke(Method.java:568)
	at java.base/java.io.ObjectStreamClass.invokeWriteObject(ObjectStreamClass.java:1074)
	at java.base/java.io.ObjectOutputStream.writeSerialData(ObjectOutputStream.java:1526)
	at java.base/java.io.ObjectOutputStream.writeOrdinaryObject(ObjectOutputStream.java:1448)
	at java.base/java.io.ObjectOutputStream.writeObject0(ObjectOutputStream.java:1191)
	at java.base/java.io.ObjectOutputStream.defaultWriteFields(ObjectOutputStream.java:1582)
	at java.base/java.io.ObjectOutputStream.writeSerialData(ObjectOutputStream.java:1539)
	at java.base/java.io.ObjectOutputStream.writeOrdinaryObject(ObjectOutputStream.java:1448)
	at java.base/java.io.ObjectOutputStream.writeObject0(ObjectOutputStream.java:1191)
	at java.base/java.io.ObjectOutputStream.writeObject(ObjectOutputStream.java:354)
	at report.service.BackupService.save(BackupService.java:27)
	at report.parser.LogParserTask.run(LogParserTask.java:109)
	at report.service.LogProcessingService.lambda$processLogs$1(LogProcessingService.java:117)
	at java.base/java.util.concurrent.Executors$RunnableAdapter.call(Executors.java:539)
	at java.base/java.util.concurrent.FutureTask.run(FutureTask.java:264)
	at java.base/java.util.concurrent.ThreadPoolExecutor.runWorker(ThreadPoolExecutor.java:1136)
	at java.base/java.util.concurrent.ThreadPoolExecutor$Worker.run(ThreadPoolExecutor.java:635)
	at java.base/java.lang.Thread.run(Thread.java:842)
? Parsing completed
? Resume from line: 400000
? Backup saved at line: 200000
? Backup at line: 200000
? Backup saved at line: 300000
? Backup at line: 300000
? Backup saved at line: 400000
? Backup at line: 400000
java.io.NotSerializableException: report.metrics.SecondMetricStats
	at java.base/java.io.ObjectOutputStream.writeObject0(ObjectOutputStream.java:1197)
	at java.base/java.io.ObjectOutputStream.writeObject(ObjectOutputStream.java:354)
	at java.base/java.util.concurrent.ConcurrentHashMap.writeObject(ConcurrentHashMap.java:1424)
	at java.base/jdk.internal.reflect.GeneratedMethodAccessor3.invoke(Unknown Source)
	at java.base/jdk.internal.reflect.DelegatingMethodAccessorImpl.invoke(DelegatingMethodAccessorImpl.java:43)
	at java.base/java.lang.reflect.Method.invoke(Method.java:568)
	at java.base/java.io.ObjectStreamClass.invokeWriteObject(ObjectStreamClass.java:1074)
	at java.base/java.io.ObjectOutputStream.writeSerialData(ObjectOutputStream.java:1526)
	at java.base/java.io.ObjectOutputStream.writeOrdinaryObject(ObjectOutputStream.java:1448)
	at java.base/java.io.ObjectOutputStream.writeObject0(ObjectOutputStream.java:1191)
	at java.base/java.io.ObjectOutputStream.defaultWriteFields(ObjectOutputStream.java:1582)
	at java.base/java.io.ObjectOutputStream.writeSerialData(ObjectOutputStream.java:1539)
	at java.base/java.io.ObjectOutputStream.writeOrdinaryObject(ObjectOutputStream.java:1448)
	at java.base/java.io.ObjectOutputStream.writeObject0(ObjectOutputStream.java:1191)
	at java.base/java.io.ObjectOutputStream.writeObject(ObjectOutputStream.java:354)
	at report.service.BackupService.save(BackupService.java:27)
	at report.parser.LogParserTask.run(LogParserTask.java:96)
	at report.service.LogProcessingService.lambda$processLogs$1(LogProcessingService.java:117)
	at java.base/java.util.concurrent.Executors$RunnableAdapter.call(Executors.java:539)
	at java.base/java.util.concurrent.FutureTask.run(FutureTask.java:264)
	at java.base/java.util.concurrent.ThreadPoolExecutor.runWorker(ThreadPoolExecutor.java:1136)
	at java.base/java.util.concurrent.ThreadPoolExecutor$Worker.run(ThreadPoolExecutor.java:635)
	at java.base/java.lang.Thread.run(Thread.java:842)
? Backup at line: 300000
java.io.NotSerializableException: report.metrics.TypeStats
	at java.base/java.io.ObjectOutputStream.writeObject0(ObjectOutputStream.java:1197)
	at java.base/java.io.ObjectOutputStream.writeObject(ObjectOutputStream.java:354)
	at java.base/java.util.concurrent.ConcurrentHashMap.writeObject(ConcurrentHashMap.java:1424)
	at java.base/jdk.internal.reflect.GeneratedMethodAccessor3.invoke(Unknown Source)
	at java.base/jdk.internal.reflect.DelegatingMethodAccessorImpl.invoke(DelegatingMethodAccessorImpl.java:43)
	at java.base/java.lang.reflect.Method.invoke(Method.java:568)
	at java.base/java.io.ObjectStreamClass.invokeWriteObject(ObjectStreamClass.java:1074)
	at java.base/java.io.ObjectOutputStream.writeSerialData(ObjectOutputStream.java:1526)
	at java.base/java.io.ObjectOutputStream.writeOrdinaryObject(ObjectOutputStream.java:1448)
	at java.base/java.io.ObjectOutputStream.writeObject0(ObjectOutputStream.java:1191)
	at java.base/java.io.ObjectOutputStream.defaultWriteFields(ObjectOutputStream.java:1582)
	at java.base/java.io.ObjectOutputStream.writeSerialData(ObjectOutputStream.java:1539)
	at java.base/java.io.ObjectOutputStream.writeOrdinaryObject(ObjectOutputStream.java:1448)
	at java.base/java.io.ObjectOutputStream.writeObject0(ObjectOutputStream.java:1191)
	at java.base/java.io.ObjectOutputStream.writeObject(ObjectOutputStream.java:354)
	at report.service.BackupService.save(BackupService.java:27)
	at report.parser.LogParserTask.run(LogParserTask.java:109)
	at report.service.LogProcessingService.lambda$processLogs$1(LogProcessingService.java:117)
	at java.base/java.util.concurrent.Executors$RunnableAdapter.call(Executors.java:539)
	at java.base/java.util.concurrent.FutureTask.run(FutureTask.java:264)
	at java.base/java.util.concurrent.ThreadPoolExecutor.runWorker(ThreadPoolExecutor.java:1136)
	at java.base/java.util.concurrent.ThreadPoolExecutor$Worker.run(ThreadPoolExecutor.java:635)
	at java.base/java.lang.Thread.run(Thread.java:842)
? Parsing completed
? Backup saved at line: 500000
? Backup at line: 500000
? Backup saved at line: 300000
? Backup at line: 300000
? Resume from line: 300000
? Backup saved at line: 300000
? Backup at line: 300000
java.io.NotSerializableException: report.metrics.TypeStats
	at java.base/java.io.ObjectOutputStream.writeObject0(ObjectOutputStream.java:1197)
	at java.base/java.io.ObjectOutputStream.writeObject(ObjectOutputStream.java:354)
	at java.base/java.util.concurrent.ConcurrentHashMap.writeObject(ConcurrentHashMap.java:1424)
	at java.base/jdk.internal.reflect.GeneratedMethodAccessor3.invoke(Unknown Source)
	at java.base/jdk.internal.reflect.DelegatingMethodAccessorImpl.invoke(DelegatingMethodAccessorImpl.java:43)
	at java.base/java.lang.reflect.Method.invoke(Method.java:568)
	at java.base/java.io.ObjectStreamClass.invokeWriteObject(ObjectStreamClass.java:1074)
	at java.base/java.io.ObjectOutputStream.writeSerialData(ObjectOutputStream.java:1526)
	at java.base/java.io.ObjectOutputStream.writeOrdinaryObject(ObjectOutputStream.java:1448)
	at java.base/java.io.ObjectOutputStream.writeObject0(ObjectOutputStream.java:1191)
	at java.base/java.io.ObjectOutputStream.defaultWriteFields(ObjectOutputStream.java:1582)
	at java.base/java.io.ObjectOutputStream.writeSerialData(ObjectOutputStream.java:1539)
	at java.base/java.io.ObjectOutputStream.writeOrdinaryObject(ObjectOutputStream.java:1448)
	at java.base/java.io.ObjectOutputStream.writeObject0(ObjectOutputStream.java:1191)
	at java.base/java.io.ObjectOutputStream.writeObject(ObjectOutputStream.java:354)
	at report.service.BackupService.save(BackupService.java:27)
	at report.parser.LogParserTask.run(LogParserTask.java:109)
	at report.service.LogProcessingService.lambda$processLogs$1(LogProcessingService.java:117)
	at java.base/java.util.concurrent.Executors$RunnableAdapter.call(Executors.java:539)
	at java.base/java.util.concurrent.FutureTask.run(FutureTask.java:264)
	at java.base/java.util.concurrent.ThreadPoolExecutor.runWorker(ThreadPoolExecutor.java:1136)
	at java.base/java.util.concurrent.ThreadPoolExecutor$Worker.run(ThreadPoolExecutor.java:635)
	at java.base/java.lang.Thread.run(Thread.java:842)
? Parsing completed
java.io.NotSerializableException: report.metrics.TypeStats
	at java.base/java.io.ObjectOutputStream.writeObject0(ObjectOutputStream.java:1197)
	at java.base/java.io.ObjectOutputStream.writeObject(ObjectOutputStream.java:354)
	at java.base/java.util.concurrent.ConcurrentHashMap.writeObject(ConcurrentHashMap.java:1424)
	at java.base/jdk.internal.reflect.GeneratedMethodAccessor3.invoke(Unknown Source)
	at java.base/jdk.internal.reflect.DelegatingMethodAccessorImpl.invoke(DelegatingMethodAccessorImpl.java:43)
	at java.base/java.lang.reflect.Method.invoke(Method.java:568)
	at java.base/java.io.ObjectStreamClass.invokeWriteObject(ObjectStreamClass.java:1074)
	at java.base/java.io.ObjectOutputStream.writeSerialData(ObjectOutputStream.java:1526)
	at java.base/java.io.ObjectOutputStream.writeOrdinaryObject(ObjectOutputStream.java:1448)
	at java.base/java.io.ObjectOutputStream.writeObject0(ObjectOutputStream.java:1191)
	at java.base/java.io.ObjectOutputStream.defaultWriteFields(ObjectOutputStream.java:1582)
	at java.base/java.io.ObjectOutputStream.writeSerialData(ObjectOutputStream.java:1539)
	at java.base/java.io.ObjectOutputStream.writeOrdinaryObject(ObjectOutputStream.java:1448)
	at java.base/java.io.ObjectOutputStream.writeObject0(ObjectOutputStream.java:1191)
	at java.base/java.io.ObjectOutputStream.writeObject(ObjectOutputStream.java:354)
	at report.service.BackupService.save(BackupService.java:27)
	at report.parser.LogParserTask.run(LogParserTask.java:96)
	at report.service.LogProcessingService.lambda$processLogs$1(LogProcessingService.java:117)
	at java.base/java.util.concurrent.Executors$RunnableAdapter.call(Executors.java:539)
	at java.base/java.util.concurrent.FutureTask.run(FutureTask.java:264)
	at java.base/java.util.concurrent.ThreadPoolExecutor.runWorker(ThreadPoolExecutor.java:1136)
	at java.base/java.util.concurrent.ThreadPoolExecutor$Worker.run(ThreadPoolExecutor.java:635)
	at java.base/java.lang.Thread.run(Thread.java:842)
? Backup at line: 100000
? Resume from line: 300000
? Backup saved at line: 300000
? Backup at line: 300000
? Backup saved at line: 400000
? Backup at line: 400000
? Backup saved at line: 400000
? Backup at line: 400000
? Backup saved at line: 400000
? Backup at line: 400000
java.io.NotSerializableException: report.metrics.TypeStats
	at java.base/java.io.ObjectOutputStream.writeObject0(ObjectOutputStream.java:1197)
	at java.base/java.io.ObjectOutputStream.writeObject(ObjectOutputStream.java:354)
	at java.base/java.util.concurrent.ConcurrentHashMap.writeObject(ConcurrentHashMap.java:1424)
	at java.base/jdk.internal.reflect.GeneratedMethodAccessor3.invoke(Unknown Source)
	at java.base/jdk.internal.reflect.DelegatingMethodAccessorImpl.invoke(DelegatingMethodAccessorImpl.java:43)
	at java.base/java.lang.reflect.Method.invoke(Method.java:568)
	at java.base/java.io.ObjectStreamClass.invokeWriteObject(ObjectStreamClass.java:1074)
	at java.base/java.io.ObjectOutputStream.writeSerialData(ObjectOutputStream.java:1526)
	at java.base/java.io.ObjectOutputStream.writeOrdinaryObject(ObjectOutputStream.java:1448)
	at java.base/java.io.ObjectOutputStream.writeObject0(ObjectOutputStream.java:1191)
	at java.base/java.io.ObjectOutputStream.defaultWriteFields(ObjectOutputStream.java:1582)
	at java.base/java.io.ObjectOutputStream.writeSerialData(ObjectOutputStream.java:1539)
	at java.base/java.io.ObjectOutputStream.writeOrdinaryObject(ObjectOutputStream.java:1448)
	at java.base/java.io.ObjectOutputStream.writeObject0(ObjectOutputStream.java:1191)
	at java.base/java.io.ObjectOutputStream.writeObject(ObjectOutputStream.java:354)
	at report.service.BackupService.save(BackupService.java:27)
	at report.parser.LogParserTask.run(LogParserTask.java:109)
	at report.service.LogProcessingService.lambda$processLogs$1(LogProcessingService.java:117)
	at java.base/java.util.concurrent.Executors$RunnableAdapter.call(Executors.java:539)
	at java.base/java.util.concurrent.FutureTask.run(FutureTask.java:264)
	at java.base/java.util.concurrent.ThreadPoolExecutor.runWorker(ThreadPoolExecutor.java:1136)
	at java.base/java.util.concurrent.ThreadPoolExecutor$Worker.run(ThreadPoolExecutor.java:635)
	at java.base/java.lang.Thread.run(Thread.java:842)
? Backup saved at line: 500000
? Backup at line: 500000
? Parsing completed
? Backup saved at line: 600000
? Backup at line: 600000
? Resume from line: 600000
? Backup saved at line: 400000
? Backup at line: 400000
java.io.NotSerializableException: report.metrics.TypeStats
	at java.base/java.io.ObjectOutputStream.writeObject0(ObjectOutputStream.java:1197)
	at java.base/java.io.ObjectOutputStream.writeObject(ObjectOutputStream.java:354)
	at java.base/java.util.concurrent.ConcurrentHashMap.writeObject(ConcurrentHashMap.java:1424)
	at java.base/jdk.internal.reflect.GeneratedMethodAccessor3.invoke(Unknown Source)
	at java.base/jdk.internal.reflect.DelegatingMethodAccessorImpl.invoke(DelegatingMethodAccessorImpl.java:43)
	at java.base/java.lang.reflect.Method.invoke(Method.java:568)
	at java.base/java.io.ObjectStreamClass.invokeWriteObject(ObjectStreamClass.java:1074)
	at java.base/java.io.ObjectOutputStream.writeSerialData(ObjectOutputStream.java:1526)
	at java.base/java.io.ObjectOutputStream.writeOrdinaryObject(ObjectOutputStream.java:1448)
	at java.base/java.io.ObjectOutputStream.writeObject0(ObjectOutputStream.java:1191)
	at java.base/java.io.ObjectOutputStream.defaultWriteFields(ObjectOutputStream.java:1582)
	at java.base/java.io.ObjectOutputStream.writeSerialData(ObjectOutputStream.java:1539)
	at java.base/java.io.ObjectOutputStream.writeOrdinaryObject(ObjectOutputStream.java:1448)
	at java.base/java.io.ObjectOutputStream.writeObject0(ObjectOutputStream.java:1191)
	at java.base/java.io.ObjectOutputStream.writeObject(ObjectOutputStream.java:354)
	at report.service.BackupService.save(BackupService.java:27)
	at report.parser.LogParserTask.run(LogParserTask.java:109)
	at report.service.LogProcessingService.lambda$processLogs$1(LogProcessingService.java:117)
	at java.base/java.util.concurrent.Executors$RunnableAdapter.call(Executors.java:539)
	at java.base/java.util.concurrent.FutureTask.run(FutureTask.java:264)
	at java.base/java.util.concurrent.ThreadPoolExecutor.runWorker(ThreadPoolExecutor.java:1136)
	at java.base/java.util.concurrent.ThreadPoolExecutor$Worker.run(ThreadPoolExecutor.java:635)
	at java.base/java.lang.Thread.run(Thread.java:842)
? Parsing completed
? Backup saved at line: 400000
? Backup at line: 400000
? Backup saved at line: 400000
? Backup at line: 400000
? Resume from line: 400000
? Backup saved at line: 500000
? Backup at line: 500000
? Backup saved at line: 500000
? Backup at line: 500000
? Backup saved at line: 500000
? Backup at line: 500000
java.io.NotSerializableException: report.metrics.SecondMetricStats
	at java.base/java.io.ObjectOutputStream.writeObject0(ObjectOutputStream.java:1197)
	at java.base/java.io.ObjectOutputStream.writeObject(ObjectOutputStream.java:354)
	at java.base/java.util.concurrent.ConcurrentHashMap.writeObject(ConcurrentHashMap.java:1424)
	at java.base/jdk.internal.reflect.GeneratedMethodAccessor3.invoke(Unknown Source)
	at java.base/jdk.internal.reflect.DelegatingMethodAccessorImpl.invoke(DelegatingMethodAccessorImpl.java:43)
	at java.base/java.lang.reflect.Method.invoke(Method.java:568)
	at java.base/java.io.ObjectStreamClass.invokeWriteObject(ObjectStreamClass.java:1074)
	at java.base/java.io.ObjectOutputStream.writeSerialData(ObjectOutputStream.java:1526)
	at java.base/java.io.ObjectOutputStream.writeOrdinaryObject(ObjectOutputStream.java:1448)
	at java.base/java.io.ObjectOutputStream.writeObject0(ObjectOutputStream.java:1191)
	at java.base/java.io.ObjectOutputStream.defaultWriteFields(ObjectOutputStream.java:1582)
	at java.base/java.io.ObjectOutputStream.writeSerialData(ObjectOutputStream.java:1539)
	at java.base/java.io.ObjectOutputStream.writeOrdinaryObject(ObjectOutputStream.java:1448)
	at java.base/java.io.ObjectOutputStream.writeObject0(ObjectOutputStream.java:1191)
	at java.base/java.io.ObjectOutputStream.writeObject(ObjectOutputStream.java:354)
	at report.service.BackupService.save(BackupService.java:27)
	at report.parser.LogParserTask.run(LogParserTask.java:96)
	at report.service.LogProcessingService.lambda$processLogs$1(LogProcessingService.java:117)
	at java.base/java.util.concurrent.Executors$RunnableAdapter.call(Executors.java:539)
	at java.base/java.util.concurrent.FutureTask.run(FutureTask.java:264)
	at java.base/java.util.concurrent.ThreadPoolExecutor.runWorker(ThreadPoolExecutor.java:1136)
	at java.base/java.util.concurrent.ThreadPoolExecutor$Worker.run(ThreadPoolExecutor.java:635)
	at java.base/java.lang.Thread.run(Thread.java:842)
? Backup at line: 400000
? Backup saved at line: 500000
? Backup at line: 500000
? Backup saved at line: 700000
? Backup at line: 700000
? Backup saved at line: 500000
? Backup at line: 500000
? Backup saved at line: 500000
? Backup at line: 500000
? Backup saved at line: 535149
? Parsing completed
? Resume from line: 535149
? Backup saved at line: 600000
? Backup at line: 600000
? Backup saved at line: 600000
? Backup at line: 600000
? Backup saved at line: 500000
? Backup at line: 500000
? Backup saved at line: 500000
? Backup at line: 500000
? Backup saved at line: 600000
? Backup at line: 600000
? Backup saved at line: 400000
? Backup at line: 400000
? Backup saved at line: 400000
? Backup at line: 400000
? Backup saved at line: 600000
? Backup at line: 600000
? Backup saved at line: 600000
? Backup at line: 600000
? Backup saved at line: 800000
? Backup at line: 800000
? Backup saved at line: 600000
? Backup at line: 600000
? Backup saved at line: 700000
? Backup at line: 700000
? Backup saved at line: 600000
? Backup at line: 600000
? Backup saved at line: 700000
? Backup at line: 700000
java.io.NotSerializableException: report.metrics.SecondMetricStats
	at java.base/java.io.ObjectOutputStream.writeObject0(ObjectOutputStream.java:1197)
	at java.base/java.io.ObjectOutputStream.writeObject(ObjectOutputStream.java:354)
	at java.base/java.util.concurrent.ConcurrentHashMap.writeObject(ConcurrentHashMap.java:1424)
	at java.base/jdk.internal.reflect.GeneratedMethodAccessor3.invoke(Unknown Source)
	at java.base/jdk.internal.reflect.DelegatingMethodAccessorImpl.invoke(DelegatingMethodAccessorImpl.java:43)
	at java.base/java.lang.reflect.Method.invoke(Method.java:568)
	at java.base/java.io.ObjectStreamClass.invokeWriteObject(ObjectStreamClass.java:1074)
	at java.base/java.io.ObjectOutputStream.writeSerialData(ObjectOutputStream.java:1526)
	at java.base/java.io.ObjectOutputStream.writeOrdinaryObject(ObjectOutputStream.java:1448)
	at java.base/java.io.ObjectOutputStream.writeObject0(ObjectOutputStream.java:1191)
	at java.base/java.io.ObjectOutputStream.defaultWriteFields(ObjectOutputStream.java:1582)
	at java.base/java.io.ObjectOutputStream.writeSerialData(ObjectOutputStream.java:1539)
	at java.base/java.io.ObjectOutputStream.writeOrdinaryObject(ObjectOutputStream.java:1448)
	at java.base/java.io.ObjectOutputStream.writeObject0(ObjectOutputStream.java:1191)
	at java.base/java.io.ObjectOutputStream.writeObject(ObjectOutputStream.java:354)
	at report.service.BackupService.save(BackupService.java:27)
	at report.parser.LogParserTask.run(LogParserTask.java:109)
	at report.service.LogProcessingService.lambda$processLogs$1(LogProcessingService.java:117)
	at java.base/java.util.concurrent.Executors$RunnableAdapter.call(Executors.java:539)
	at java.base/java.util.concurrent.FutureTask.run(FutureTask.java:264)
	at java.base/java.util.concurrent.ThreadPoolExecutor.runWorker(ThreadPoolExecutor.java:1136)
	at java.base/java.util.concurrent.ThreadPoolExecutor$Worker.run(ThreadPoolExecutor.java:635)
	at java.base/java.lang.Thread.run(Thread.java:842)
? Parsing completed
? Backup saved at line: 600000
? Backup at line: 600000
? Backup saved at line: 500000
? Backup at line: 500000
? Backup saved at line: 700000
? Backup at line: 700000
? Backup saved at line: 500000
? Backup at line: 500000
? Resume from line: 700000
? Backup saved at line: 700000
? Backup at line: 700000
? Backup saved at line: 700000
? Backup at line: 700000
? Backup saved at line: 900000
? Backup at line: 900000
? Backup saved at line: 700000
? Backup at line: 700000
? Backup saved at line: 800000
? Backup at line: 800000
? Backup saved at line: 700000
? Backup at line: 700000
? Backup saved at line: 800000
? Backup at line: 800000
? Backup saved at line: 600000
? Backup at line: 600000
? Backup saved at line: 700000
? Backup at line: 700000
? Backup saved at line: 800000
? Backup at line: 800000
? Backup saved at line: 600000
? Backup at line: 600000
? Backup saved at line: 500000
? Backup at line: 500000
? Backup saved at line: 762409
? Parsing completed
? Backup saved at line: 800000
? Backup at line: 800000
? Backup saved at line: 800000
? Backup at line: 800000
? Backup saved at line: 921462
? Parsing completed
? Backup saved at line: 800000
? Backup at line: 800000
? Backup saved at line: 700000
? Backup at line: 700000
? Backup saved at line: 900000
? Backup at line: 900000
? Backup saved at line: 700000
? Backup at line: 700000
? Backup saved at line: 900000
? Backup at line: 900000
java.io.NotSerializableException: report.metrics.TypeStats
	at java.base/java.io.ObjectOutputStream.writeObject0(ObjectOutputStream.java:1197)
	at java.base/java.io.ObjectOutputStream.writeObject(ObjectOutputStream.java:354)
	at java.base/java.util.concurrent.ConcurrentHashMap.writeObject(ConcurrentHashMap.java:1424)
	at java.base/jdk.internal.reflect.GeneratedMethodAccessor3.invoke(Unknown Source)
	at java.base/jdk.internal.reflect.DelegatingMethodAccessorImpl.invoke(DelegatingMethodAccessorImpl.java:43)
	at java.base/java.lang.reflect.Method.invoke(Method.java:568)
	at java.base/java.io.ObjectStreamClass.invokeWriteObject(ObjectStreamClass.java:1074)
	at java.base/java.io.ObjectOutputStream.writeSerialData(ObjectOutputStream.java:1526)
	at java.base/java.io.ObjectOutputStream.writeOrdinaryObject(ObjectOutputStream.java:1448)
	at java.base/java.io.ObjectOutputStream.writeObject0(ObjectOutputStream.java:1191)
	at java.base/java.io.ObjectOutputStream.defaultWriteFields(ObjectOutputStream.java:1582)
	at java.base/java.io.ObjectOutputStream.writeSerialData(ObjectOutputStream.java:1539)
	at java.base/java.io.ObjectOutputStream.writeOrdinaryObject(ObjectOutputStream.java:1448)
	at java.base/java.io.ObjectOutputStream.writeObject0(ObjectOutputStream.java:1191)
	at java.base/java.io.ObjectOutputStream.writeObject(ObjectOutputStream.java:354)
	at report.service.BackupService.save(BackupService.java:27)
	at report.parser.LogParserTask.run(LogParserTask.java:109)
	at report.service.LogProcessingService.lambda$processLogs$1(LogProcessingService.java:117)
	at java.base/java.util.concurrent.Executors$RunnableAdapter.call(Executors.java:539)
	at java.base/java.util.concurrent.FutureTask.run(FutureTask.java:264)
	at java.base/java.util.concurrent.ThreadPoolExecutor.runWorker(ThreadPoolExecutor.java:1136)
	at java.base/java.util.concurrent.ThreadPoolExecutor$Worker.run(ThreadPoolExecutor.java:635)
	at java.base/java.lang.Thread.run(Thread.java:842)
? Parsing completed
? Backup saved at line: 600000
? Backup at line: 600000
? Backup saved at line: 900000
? Backup at line: 900000
? Backup saved at line: 700000
? Backup at line: 700000
? Backup saved at line: 800000
? Backup at line: 800000
? Backup saved at line: 900000
? Backup at line: 900000
? Backup saved at line: 806789
? Parsing completed
? Backup saved at line: 800000
? Backup at line: 800000
? Backup saved at line: 900000
? Backup at line: 900000
? Backup saved at line: 600000
? Backup at line: 600000
? Backup saved at line: 800000
? Backup at line: 800000
? Backup saved at line: 1000000
? Backup at line: 1000000
? Backup saved at line: 700000
? Backup at line: 700000
? Backup saved at line: 1000000
? Backup at line: 1000000
? Backup saved at line: 800000
? Backup at line: 800000
? Backup saved at line: 1000000
? Backup at line: 1000000
2026-04-01T15:35:33.302+05:30 ERROR 19232 --- [nio-8080-exec-7] o.a.c.c.C.[.[.[/].[dispatcherServlet]    : Servlet.service() for servlet [dispatcherServlet] in context with path [] threw exception [Request processing failed: java.lang.RuntimeException: Process logs first] with root cause

java.lang.RuntimeException: Process logs first
	at report.service.MetricsStorageService.get(MetricsStorageService.java:29) ~[classes/:na]
	at report.service.ExcelDataService.getResult(ExcelDataService.java:28) ~[classes/:na]
	at report.service.ExcelDataService.getSummary(ExcelDataService.java:40) ~[classes/:na]
	at report.controller.ExcelController.summary(ExcelController.java:21) ~[classes/:na]
	at java.base/jdk.internal.reflect.NativeMethodAccessorImpl.invoke0(Native Method) ~[na:na]
	at java.base/jdk.internal.reflect.NativeMethodAccessorImpl.invoke(NativeMethodAccessorImpl.java:77) ~[na:na]
	at java.base/jdk.internal.reflect.DelegatingMethodAccessorImpl.invoke(DelegatingMethodAccessorImpl.java:43) ~[na:na]
	at java.base/java.lang.reflect.Method.invoke(Method.java:568) ~[na:na]
	at org.springframework.web.method.support.InvocableHandlerMethod.doInvoke(InvocableHandlerMethod.java:255) ~[spring-web-6.1.6.jar:6.1.6]
	at org.springframework.web.method.support.InvocableHandlerMethod.invokeForRequest(InvocableHandlerMethod.java:188) ~[spring-web-6.1.6.jar:6.1.6]
	at org.springframework.web.servlet.mvc.method.annotation.ServletInvocableHandlerMethod.invokeAndHandle(ServletInvocableHandlerMethod.java:118) ~[spring-webmvc-6.1.6.jar:6.1.6]
	at org.springframework.web.servlet.mvc.method.annotation.RequestMappingHandlerAdapter.invokeHandlerMethod(RequestMappingHandlerAdapter.java:926) ~[spring-webmvc-6.1.6.jar:6.1.6]
	at org.springframework.web.servlet.mvc.method.annotation.RequestMappingHandlerAdapter.handleInternal(RequestMappingHandlerAdapter.java:831) ~[spring-webmvc-6.1.6.jar:6.1.6]
	at org.springframework.web.servlet.mvc.method.AbstractHandlerMethodAdapter.handle(AbstractHandlerMethodAdapter.java:87) ~[spring-webmvc-6.1.6.jar:6.1.6]
	at org.springframework.web.servlet.DispatcherServlet.doDispatch(DispatcherServlet.java:1089) ~[spring-webmvc-6.1.6.jar:6.1.6]
	at org.springframework.web.servlet.DispatcherServlet.doService(DispatcherServlet.java:979) ~[spring-webmvc-6.1.6.jar:6.1.6]
	at org.springframework.web.servlet.FrameworkServlet.processRequest(FrameworkServlet.java:1014) ~[spring-webmvc-6.1.6.jar:6.1.6]
	at org.springframework.web.servlet.FrameworkServlet.doGet(FrameworkServlet.java:903) ~[spring-webmvc-6.1.6.jar:6.1.6]
	at jakarta.servlet.http.HttpServlet.service(HttpServlet.java:564) ~[tomcat-embed-core-10.1.20.jar:6.0]
	at org.springframework.web.servlet.FrameworkServlet.service(FrameworkServlet.java:885) ~[spring-webmvc-6.1.6.jar:6.1.6]
	at jakarta.servlet.http.HttpServlet.service(HttpServlet.java:658) ~[tomcat-embed-core-10.1.20.jar:6.0]
	at org.apache.catalina.core.ApplicationFilterChain.internalDoFilter(ApplicationFilterChain.java:206) ~[tomcat-embed-core-10.1.20.jar:10.1.20]
	at org.apache.catalina.core.ApplicationFilterChain.doFilter(ApplicationFilterChain.java:150) ~[tomcat-embed-core-10.1.20.jar:10.1.20]
	at org.apache.tomcat.websocket.server.WsFilter.doFilter(WsFilter.java:51) ~[tomcat-embed-websocket-10.1.20.jar:10.1.20]
	at org.apache.catalina.core.ApplicationFilterChain.internalDoFilter(ApplicationFilterChain.java:175) ~[tomcat-embed-core-10.1.20.jar:10.1.20]
	at org.apache.catalina.core.ApplicationFilterChain.doFilter(ApplicationFilterChain.java:150) ~[tomcat-embed-core-10.1.20.jar:10.1.20]
	at org.springframework.web.filter.RequestContextFilter.doFilterInternal(RequestContextFilter.java:100) ~[spring-web-6.1.6.jar:6.1.6]
	at org.springframework.web.filter.OncePerRequestFilter.doFilter(OncePerRequestFilter.java:116) ~[spring-web-6.1.6.jar:6.1.6]
	at org.apache.catalina.core.ApplicationFilterChain.internalDoFilter(ApplicationFilterChain.java:175) ~[tomcat-embed-core-10.1.20.jar:10.1.20]
	at org.apache.catalina.core.ApplicationFilterChain.doFilter(ApplicationFilterChain.java:150) ~[tomcat-embed-core-10.1.20.jar:10.1.20]
	at org.springframework.web.filter.FormContentFilter.doFilterInternal(FormContentFilter.java:93) ~[spring-web-6.1.6.jar:6.1.6]
	at org.springframework.web.filter.OncePerRequestFilter.doFilter(OncePerRequestFilter.java:116) ~[spring-web-6.1.6.jar:6.1.6]
	at org.apache.catalina.core.ApplicationFilterChain.internalDoFilter(ApplicationFilterChain.java:175) ~[tomcat-embed-core-10.1.20.jar:10.1.20]
	at org.apache.catalina.core.ApplicationFilterChain.doFilter(ApplicationFilterChain.java:150) ~[tomcat-embed-core-10.1.20.jar:10.1.20]
	at org.springframework.web.filter.CharacterEncodingFilter.doFilterInternal(CharacterEncodingFilter.java:201) ~[spring-web-6.1.6.jar:6.1.6]
	at org.springframework.web.filter.OncePerRequestFilter.doFilter(OncePerRequestFilter.java:116) ~[spring-web-6.1.6.jar:6.1.6]
	at org.apache.catalina.core.ApplicationFilterChain.internalDoFilter(ApplicationFilterChain.java:175) ~[tomcat-embed-core-10.1.20.jar:10.1.20]
	at org.apache.catalina.core.ApplicationFilterChain.doFilter(ApplicationFilterChain.java:150) ~[tomcat-embed-core-10.1.20.jar:10.1.20]
	at org.apache.catalina.core.StandardWrapperValve.invoke(StandardWrapperValve.java:167) ~[tomcat-embed-core-10.1.20.jar:10.1.20]
	at org.apache.catalina.core.StandardContextValve.invoke(StandardContextValve.java:90) ~[tomcat-embed-core-10.1.20.jar:10.1.20]
	at org.apache.catalina.authenticator.AuthenticatorBase.invoke(AuthenticatorBase.java:482) ~[tomcat-embed-core-10.1.20.jar:10.1.20]
	at org.apache.catalina.core.StandardHostValve.invoke(StandardHostValve.java:115) ~[tomcat-embed-core-10.1.20.jar:10.1.20]
	at org.apache.catalina.valves.ErrorReportValve.invoke(ErrorReportValve.java:93) ~[tomcat-embed-core-10.1.20.jar:10.1.20]
	at org.apache.catalina.core.StandardEngineValve.invoke(StandardEngineValve.java:74) ~[tomcat-embed-core-10.1.20.jar:10.1.20]
	at org.apache.catalina.connector.CoyoteAdapter.service(CoyoteAdapter.java:344) ~[tomcat-embed-core-10.1.20.jar:10.1.20]
	at org.apache.coyote.http11.Http11Processor.service(Http11Processor.java:391) ~[tomcat-embed-core-10.1.20.jar:10.1.20]
	at org.apache.coyote.AbstractProcessorLight.process(AbstractProcessorLight.java:63) ~[tomcat-embed-core-10.1.20.jar:10.1.20]
	at org.apache.coyote.AbstractProtocol$ConnectionHandler.process(AbstractProtocol.java:896) ~[tomcat-embed-core-10.1.20.jar:10.1.20]
	at org.apache.tomcat.util.net.NioEndpoint$SocketProcessor.doRun(NioEndpoint.java:1736) ~[tomcat-embed-core-10.1.20.jar:10.1.20]
	at org.apache.tomcat.util.net.SocketProcessorBase.run(SocketProcessorBase.java:52) ~[tomcat-embed-core-10.1.20.jar:10.1.20]
	at org.apache.tomcat.util.threads.ThreadPoolExecutor.runWorker(ThreadPoolExecutor.java:1191) ~[tomcat-embed-core-10.1.20.jar:10.1.20]
	at org.apache.tomcat.util.threads.ThreadPoolExecutor$Worker.run(ThreadPoolExecutor.java:659) ~[tomcat-embed-core-10.1.20.jar:10.1.20]
	at org.apache.tomcat.util.threads.TaskThread$WrappingRunnable.run(TaskThread.java:63) ~[tomcat-embed-core-10.1.20.jar:10.1.20]
	at java.base/java.lang.Thread.run(Thread.java:842) ~[na:na]

? Backup saved at line: 900000
? Backup at line: 900000
? Backup saved at line: 1000000
? Backup at line: 1000000
? Backup saved at line: 828636
? Parsing completed
? Backup saved at line: 700000
? Backup at line: 700000
? Backup saved at line: 495975
? Parsing completed
? Backup saved at line: 900000
? Backup at line: 900000
? Backup saved at line: 1000000
? Backup at line: 1000000
? Backup saved at line: 800000
? Backup at line: 800000
? Backup saved at line: 900000
? Backup at line: 900000
? Backup saved at line: 1100000
? Backup at line: 1100000
? Backup saved at line: 1100000
? Backup at line: 1100000
? Backup saved at line: 1100000
? Backup at line: 1100000
? Backup saved at line: 800000
? Backup saved at line: 1100000
? Backup at line: 1100000
? Backup at line: 800000
? Backup saved at line: 1000000
? Backup at line: 1000000
? Backup saved at line: 1000000
? Backup at line: 1000000
? Backup saved at line: 900000
? Backup at line: 900000
? Backup saved at line: 1000000
? Backup at line: 1000000
? Backup saved at line: 1200000
? Backup at line: 1200000
? Backup saved at line: 1070019
? Parsing completed
? Backup saved at line: 1200000
? Backup at line: 1200000
? Backup saved at line: 1100000
? Backup at line: 1100000
? Backup saved at line: 1200000
? Backup at line: 1200000
? Backup saved at line: 859938
? Parsing completed
? Backup saved at line: 1136511
? Parsing completed
? Backup saved at line: 1100000
? Backup at line: 1100000
? Backup saved at line: 1100000
? Backup at line: 1100000
? Backup saved at line: 1000000
? Backup at line: 1000000
? Backup saved at line: 1300000
? Backup at line: 1300000
? Backup saved at line: 1200000
? Backup at line: 1200000
? Backup saved at line: 1300000
? Backup at line: 1300000
? Backup saved at line: 1300000
? Backup at line: 1300000
? Backup saved at line: 1200000
? Backup at line: 1200000
? Backup saved at line: 1200000
? Backup at line: 1200000
? Backup saved at line: 1100000
? Backup at line: 1100000
? Backup saved at line: 1400000
? Backup at line: 1400000
? Backup saved at line: 1300000
? Backup at line: 1300000
? Backup saved at line: 1300000
? Backup at line: 1300000
? Backup saved at line: 1400000
? Backup at line: 1400000
? Backup saved at line: 1300000
? Backup at line: 1300000
? Backup saved at line: 1400000
? Backup at line: 1400000
? Backup saved at line: 1200000
? Backup at line: 1200000
? Backup saved at line: 1400000
? Backup at line: 1400000
? Backup saved at line: 1409009
? Parsing completed
? Backup saved at line: 1400000
? Backup at line: 1400000
? Backup saved at line: 1460452
? Parsing completed
? Backup saved at line: 1400000
? Backup at line: 1400000
? Backup saved at line: 1300000
? Backup at line: 1300000
? Backup saved at line: 1447094
? Parsing completed
? Backup saved at line: 1500000
? Backup at line: 1500000
? Backup saved at line: 1500000
? Backup at line: 1500000
? Backup saved at line: 1500000
? Backup at line: 1500000
? Backup saved at line: 1336108
? Parsing completed
? Backup saved at line: 1600000
? Backup at line: 1600000
? Backup saved at line: 1600000
? Backup at line: 1600000
? Backup saved at line: 1600000
? Backup at line: 1600000
? Backup saved at line: 1700000
? Backup at line: 1700000
? Backup saved at line: 1700000
? Backup at line: 1700000
? Backup saved at line: 1700000
? Backup at line: 1700000
? Backup saved at line: 1740729
? Parsing completed
? Backup saved at line: 1800000
? Backup at line: 1800000
? Backup saved at line: 1800000
? Backup at line: 1800000
? Backup saved at line: 1900000
? Backup at line: 1900000
? Backup saved at line: 1878090
? Parsing completed
? Backup saved at line: 2000000
? Backup at line: 2000000
? Backup saved at line: 2098587
? Parsing completed
? Finalizing Metrics...
Cache Cleared
? Metrics Calculated
[INFO] ------------------------------------------------------------------------
[INFO] BUILD FAILURE
[INFO] ------------------------------------------------------------------------
[INFO] Total time:  02:05 min
[INFO] Finished at: 2026-04-01T15:36:35+05:30
[INFO] ------------------------------------------------------------------------
[ERROR] Failed to execute goal org.springframework.boot:spring-boot-maven-plugin:3.2.5:run (default-cli) on project log-dashboard: Process terminated with exit code: -1 -> [Help 1]
[ERROR] 
[ERROR] To see the full stack trace of the errors, re-run Maven with the -e switch.
[ERROR] Re-run Maven using the -X switch to enable full debug logging.
[ERROR] 
[ERROR] For more information about the errors and possible solutions, please read the following articles:
[ERROR] [Help 1] http://cwiki.apache.org/confluence/display/MAVEN/MojoExecutionException
